// Jest Snapshot v1, https://goo.gl/fbAQLP

exports[`should render LoanList component 1`] = `ShallowWrapper {}`;
